// Jest Snapshot v1, https://goo.gl/fbAQLP

exports[`Pruebas en <SearchPage /> debe de mostrar el componente sin heroes que es por defecto 1`] = `
<div>
  <div
    class="font-black text-2xl mb-6"
  >
    Searching Page
  </div>
  <form
    aria-label="form"
    autocomplete="off"
    class="max-w-md mx-auto"
  >
    <label
      class="mb-2 text-sm font-medium text-gray-900 sr-only dark:text-white"
      for="default-search"
    >
      Search
    </label>
    <div
      class="relative"
    >
      <div
        class="absolute inset-y-0 start-0 flex items-center ps-3 pointer-events-none"
      >
        <svg
          aria-hidden="true"
          class="w-4 h-4 text-gray-500 dark:text-gray-400"
          fill="none"
          viewBox="0 0 20 20"
          xmlns="http://www.w3.org/2000/svg"
        >
          <path
            d="m19 19-4-4m0-7A7 7 0 1 1 1 8a7 7 0 0 1 14 0Z"
            stroke="currentColor"
            stroke-linecap="round"
            stroke-linejoin="round"
            stroke-width="2"
          />
        </svg>
      </div>
      <input
        class="block w-full p-4 ps-10 text-sm text-gray-900 border border-gray-300 rounded-lg bg-gray-50 focus:ring-blue-500 focus:border-blue-500 dark:bg-gray-700 dark:border-gray-600 dark:placeholder-gray-400 dark:text-white dark:focus:ring-blue-500 dark:focus:border-blue-500"
        id="default-search"
        name="searchText"
        placeholder="Search Heroes ..."
        required=""
        type="search"
        value=""
      />
      <button
        class="text-white absolute end-2.5 bottom-2.5 bg-blue-700 hover:bg-blue-800 focus:ring-4 focus:outline-none focus:ring-blue-300 font-medium rounded-lg text-sm px-4 py-2 dark:bg-blue-600 dark:hover:bg-blue-700 dark:focus:ring-blue-800"
        type="submit"
      >
        Search
      </button>
    </div>
  </form>
  <div
    class="mt-6"
  >
    <h2
      class="font-black text-2xl mb-6"
    >
      Results
    </h2>
    <div
      class="flex items-center w-full p-4 rounded-lg shadow-sm bg-yellow-100 text-yellow-700 dark:bg-yellow-800 dark:text-yellow-200"
      role="alert"
    >
      <div
        class="ms-3 text-sm font-normal"
      >
        No search value entered
      </div>
    </div>
  </div>
</div>
`;
